============================================================
 minimal_example C 데모 (V=11, pairs=24)
============================================================

[1] n-gram (trigram, MLE) 학습
  train perplexity = 1.565085
  샘플 5문장:
    영희는 사과를 좋아해
    철수는 딸기를 좋아해
    영희는 딸기를 좋아해
    영희는 딸기를 좋아해
    철수는 사과를 좋아해

  10000문장 생성 통계:
    in train: 10000 (100.00%)  novel: 0 (0.00%)
     1652  철수는 사과를 좋아해
     1700  철수는 딸기를 좋아해
     1707  영희는 사과를 좋아해
     1723  영희는 딸기를 좋아해
     1635  영희는 바나나를 좋아해
     1583  짱구는 바나나를 싫어해

[2] NLM 학습 (D=2, H=8, lr=0.30, epochs=2000)
    epoch    0  loss = 2.364044
    epoch  200  loss = 0.487775
    epoch  400  loss = 0.463107
    epoch  600  loss = 0.457224
    epoch  800  loss = 0.454616
    epoch 1000  loss = 0.453147
    epoch 1200  loss = 0.452203
    epoch 1400  loss = 0.451546
    epoch 1600  loss = 0.451063
    epoch 1800  loss = 0.450692
    epoch 1999  loss = 0.450399
  train perplexity = 1.568936  (시작 loss 2.3640)

  샘플 5문장:
    영희는 바나나를 좋아해
    영희는 바나나를 좋아해
    철수는 딸기를 좋아해
    영희는 딸기를 좋아해
    영희는 바나나를 좋아해

  10000문장 생성 통계:
    in train: 9897 (98.97%)  novel: 103 (1.03%)

[3] (철수는, 바나나를) → 좋아해 검증
  P(좋아해 | 철수는, 바나나를)
    n-gram  : 0.090909  (uniform fallback)
    NLM     : 0.996441
  Single-position perplexity:
    n-gram  : 11.0000
    NLM     : 1.0036
  10,000 샘플 중 '좋아해':  n-gram 936 (9.36%)  NLM 9969 (99.69%)

  NLM top-5 next-token:
    좋아해 : 0.996441
    영희는 : 0.001016
    짱구는 : 0.000919
    철수는 : 0.000687
    <eos> : 0.000535
