============================================================
 minimal_example C 데모 (V=11, pairs=24)
============================================================

[1] n-gram (trigram, MLE) 학습
  train perplexity = 1.565085
  샘플 5문장:
    영희는 사과를 좋아해
    철수는 딸기를 좋아해
    영희는 딸기를 좋아해
    영희는 딸기를 좋아해
    철수는 사과를 좋아해

  10000문장 생성 통계:
    in train: 10000 (100.00%)  novel: 0 (0.00%)
     1652  철수는 사과를 좋아해
     1700  철수는 딸기를 좋아해
     1707  영희는 사과를 좋아해
     1723  영희는 딸기를 좋아해
     1635  영희는 바나나를 좋아해
     1583  짱구는 바나나를 싫어해

[2] NLM 학습 (D=2, H=6, lr=0.30, epochs=2000)
    epoch    0  loss = 2.404212
    epoch  200  loss = 0.508839
    epoch  400  loss = 0.471160
    epoch  600  loss = 0.461856
    epoch  800  loss = 0.457701
    epoch 1000  loss = 0.455374
    epoch 1200  loss = 0.453911
    epoch 1400  loss = 0.452917
    epoch 1600  loss = 0.452202
    epoch 1800  loss = 0.451664
    epoch 1999  loss = 0.451247
  train perplexity = 1.570265  (시작 loss 2.4042)

  샘플 5문장:
    영희는 바나나를 좋아해
    영희는 바나나를 좋아해
    철수는 딸기를 좋아해
    영희는 딸기를 좋아해
    영희는 바나나를 좋아해

  10000문장 생성 통계:
    in train: 9878 (98.78%)  novel: 122 (1.22%)

[3] (철수는, 바나나를) → 좋아해 검증
  P(좋아해 | 철수는, 바나나를)
    n-gram  : 0.090909  (uniform fallback)
    NLM     : 0.998239
  Single-position perplexity:
    n-gram  : 11.0000
    NLM     : 1.0018
  10,000 샘플 중 '좋아해':  n-gram 936 (9.36%)  NLM 9986 (99.86%)

  NLM top-5 next-token:
    좋아해 : 0.998239
    싫어해 : 0.000853
    영희는 : 0.000322
    철수는 : 0.000253
    짱구는 : 0.000176
